
[Incubating] Problems report is available at: file:///Users/suvarnasingh/gitrepos/newStockTriggers/build/reports/problems/problems-report.html

FAILURE: Build failed with an exception.

* Where:
Build file '/Users/suvarnasingh/gitrepos/newStockTriggers/app/build.gradle.kts' line: 1

* What went wrong:
An exception occurred applying plugin request [id: 'com.android.application', version: '8.13.2']
> Failed to apply plugin 'com.android.internal.application'.
   > Android Gradle plugin requires Java 17 to run. You are currently using Java 11.
      Your current JDK is located in /Library/Java/JavaVirtualMachines/zulu-11.jdk/Contents/Home
      You can try some of the following options:
       - changing the IDE settings.
       - changing the JAVA_HOME environment variable.
       - changing `org.gradle.java.home` in `gradle.properties`.

* Try:
> Run with --stacktrace option to get the stack trace.
> Run with --info or --debug option to get more log output.
> Run with --scan to get full insights.
> Get more help at https://help.gradle.org.

Deprecated Gradle features were used in this build, making it incompatible with Gradle 10.0.

You can use '--warning-mode all' to show the individual deprecation warnings and determine if they come from your own scripts or plugins.

For more on this, please refer to https://docs.gradle.org/9.0-milestone-1/userguide/command_line_interface.html#sec:command_line_warnings in the Gradle documentation.

BUILD FAILED in 748ms
